// Jest Snapshot v1, https://goo.gl/fbAQLP

exports[`Correctly render FilmsList component 1`] = `
<div
  className="catalog__movies-list"
>
  <article
    className="small-movie-card catalog__movies-card"
    onMouseEnter={[Function]}
  >
    <div
      className="small-movie-card__image"
    >
      <img
        alt="Shutter Island"
        height="175"
        src="img/shutter-island.jpg"
        width="280"
      />
    </div>
    <h3
      className="small-movie-card__title"
    >
      <a
        className="small-movie-card__link"
        href="https://some-link"
      >
        Shutter Island
      </a>
    </h3>
  </article>
</div>
`;
